This is pdfTeX, Version 3.141592653-2.6-1.40.25 (MiKTeX 23.5) (preloaded format=pdflatex 2023.6.25)  4 JUL 2023 08:58
entering extended mode
 restricted \write18 enabled.
 %&-line parsing enabled.
**"./OLR dan's.tex"
(OLR dan's.tex
LaTeX2e <2023-06-01> patch level 1
L3 programming layer <2023-06-16>
(C:\Users\admin\AppData\Local\Programs\MiKTeX\tex/latex/base\article.cls
Document Class: article 2023/05/17 v1.4n Standard LaTeX document class
(C:\Users\admin\AppData\Local\Programs\MiKTeX\tex/latex/base\size12.clo
File: size12.clo 2023/05/17 v1.4n Standard LaTeX file (size option)
)
\c@part=\count185
\c@section=\count186
\c@subsection=\count187
\c@subsubsection=\count188
\c@paragraph=\count189
\c@subparagraph=\count190
\c@figure=\count191
\c@table=\count192
\abovecaptionskip=\skip48
\belowcaptionskip=\skip49
\bibindent=\dimen140
)
(C:\Users\admin\AppData\Local\Programs\MiKTeX\tex/latex/graphics\graphicx.sty
Package: graphicx 2021/09/16 v1.2d Enhanced LaTeX Graphics (DPC,SPQR)

(C:\Users\admin\AppData\Local\Programs\MiKTeX\tex/latex/graphics\keyval.sty
Package: keyval 2022/05/29 v1.15 key=value parser (DPC)
\KV@toks@=\toks17
)
(C:\Users\admin\AppData\Local\Programs\MiKTeX\tex/latex/graphics\graphics.sty
Package: graphics 2022/03/10 v1.4e Standard LaTeX Graphics (DPC,SPQR)

(C:\Users\admin\AppData\Local\Programs\MiKTeX\tex/latex/graphics\trig.sty
Package: trig 2021/08/11 v1.11 sin cos tan (DPC)
)
(C:\Users\admin\AppData\Local\Programs\MiKTeX\tex/latex/graphics-cfg\graphics.c
fg
File: graphics.cfg 2016/06/04 v1.11 sample graphics configuration
)
Package graphics Info: Driver file: pdftex.def on input line 107.

(C:\Users\admin\AppData\Local\Programs\MiKTeX\tex/latex/graphics-def\pdftex.def
File: pdftex.def 2022/09/22 v1.2b Graphics/color driver for pdftex
))
\Gin@req@height=\dimen141
\Gin@req@width=\dimen142
) (C:\Users\admin\AppData\Local\Programs\MiKTeX\tex/latex/xcolor\xcolor.sty
Package: xcolor 2022/06/12 v2.14 LaTeX color extensions (UK)

(C:\Users\admin\AppData\Local\Programs\MiKTeX\tex/latex/graphics-cfg\color.cfg
File: color.cfg 2016/01/02 v1.6 sample color configuration
)
Package xcolor Info: Driver file: pdftex.def on input line 227.
(C:\Users\admin\AppData\Local\Programs\MiKTeX\tex/latex/graphics\mathcolor.ltx)
Package xcolor Info: Model `cmy' substituted by `cmy0' on input line 1353.
Package xcolor Info: Model `hsb' substituted by `rgb' on input line 1357.
Package xcolor Info: Model `RGB' extended on input line 1369.
Package xcolor Info: Model `HTML' substituted by `rgb' on input line 1371.
Package xcolor Info: Model `Hsb' substituted by `hsb' on input line 1372.
Package xcolor Info: Model `tHsb' substituted by `hsb' on input line 1373.
Package xcolor Info: Model `HSB' substituted by `hsb' on input line 1374.
Package xcolor Info: Model `Gray' substituted by `gray' on input line 1375.
Package xcolor Info: Model `wave' substituted by `hsb' on input line 1376.
) (C:\Users\admin\AppData\Local\Programs\MiKTeX\tex/latex/preprint\fullpage.sty
Package: fullpage 1999/02/23 1.1 (PWD)
\FP@margin=\skip50
) (C:\Users\admin\AppData\Local\Programs\MiKTeX\tex/latex/framed\framed.sty
Package: framed 2011/10/22 v 0.96: framed or shaded text with page breaks
\OuterFrameSep=\skip51
\fb@frw=\dimen143
\fb@frh=\dimen144
\FrameRule=\dimen145
\FrameSep=\dimen146
)
(C:\Users\admin\AppData\Local\Programs\MiKTeX\tex/latex/base\alltt.sty
Package: alltt 2021/01/29 v2.0g defines alltt environment
)
(C:\Users\admin\AppData\Local\Programs\MiKTeX\tex/latex/base\inputenc.sty
Package: inputenc 2021/02/14 v1.3d Input encoding file
\inpenc@prehook=\toks18
\inpenc@posthook=\toks19
)
(C:\Users\admin\AppData\Local\Programs\MiKTeX\tex/latex/amsmath\amsmath.sty
Package: amsmath 2023/05/13 v2.17o AMS math features
\@mathmargin=\skip52

For additional information on amsmath, use the `?' option.
(C:\Users\admin\AppData\Local\Programs\MiKTeX\tex/latex/amsmath\amstext.sty
Package: amstext 2021/08/26 v2.01 AMS text

(C:\Users\admin\AppData\Local\Programs\MiKTeX\tex/latex/amsmath\amsgen.sty
File: amsgen.sty 1999/11/30 v2.0 generic functions
\@emptytoks=\toks20
\ex@=\dimen147
))
(C:\Users\admin\AppData\Local\Programs\MiKTeX\tex/latex/amsmath\amsbsy.sty
Package: amsbsy 1999/11/29 v1.2d Bold Symbols
\pmbraise@=\dimen148
)
(C:\Users\admin\AppData\Local\Programs\MiKTeX\tex/latex/amsmath\amsopn.sty
Package: amsopn 2022/04/08 v2.04 operator names
)
\inf@bad=\count193
LaTeX Info: Redefining \frac on input line 234.
\uproot@=\count194
\leftroot@=\count195
LaTeX Info: Redefining \overline on input line 399.
LaTeX Info: Redefining \colon on input line 410.
\classnum@=\count196
\DOTSCASE@=\count197
LaTeX Info: Redefining \ldots on input line 496.
LaTeX Info: Redefining \dots on input line 499.
LaTeX Info: Redefining \cdots on input line 620.
\Mathstrutbox@=\box51
\strutbox@=\box52
LaTeX Info: Redefining \big on input line 722.
LaTeX Info: Redefining \Big on input line 723.
LaTeX Info: Redefining \bigg on input line 724.
LaTeX Info: Redefining \Bigg on input line 725.
\big@size=\dimen149
LaTeX Font Info:    Redeclaring font encoding OML on input line 743.
LaTeX Font Info:    Redeclaring font encoding OMS on input line 744.
\macc@depth=\count198
LaTeX Info: Redefining \bmod on input line 905.
LaTeX Info: Redefining \pmod on input line 910.
LaTeX Info: Redefining \smash on input line 940.
LaTeX Info: Redefining \relbar on input line 970.
LaTeX Info: Redefining \Relbar on input line 971.
\c@MaxMatrixCols=\count199
\dotsspace@=\muskip16
\c@parentequation=\count266
\dspbrk@lvl=\count267
\tag@help=\toks21
\row@=\count268
\column@=\count269
\maxfields@=\count270
\andhelp@=\toks22
\eqnshift@=\dimen150
\alignsep@=\dimen151
\tagshift@=\dimen152
\tagwidth@=\dimen153
\totwidth@=\dimen154
\lineht@=\dimen155
\@envbody=\toks23
\multlinegap=\skip53
\multlinetaggap=\skip54
\mathdisplay@stack=\toks24
LaTeX Info: Redefining \[ on input line 2953.
LaTeX Info: Redefining \] on input line 2954.
)
(C:\Users\admin\AppData\Local\Programs\MiKTeX\tex/latex/float\float.sty
Package: float 2001/11/08 v1.3d Float enhancements (AL)
\c@float@type=\count271
\float@exts=\toks25
\float@box=\box53
\@float@everytoks=\toks26
\@floatcapt=\box54
)
(C:\Users\admin\AppData\Local\Programs\MiKTeX\tex/latex/geometry\geometry.sty
Package: geometry 2020/01/02 v5.9 Page Geometry

(C:\Users\admin\AppData\Local\Programs\MiKTeX\tex/generic/iftex\ifvtex.sty
Package: ifvtex 2019/10/25 v1.7 ifvtex legacy package. Use iftex instead.

(C:\Users\admin\AppData\Local\Programs\MiKTeX\tex/generic/iftex\iftex.sty
Package: iftex 2022/02/03 v1.0f TeX engine tests
))
\Gm@cnth=\count272
\Gm@cntv=\count273
\c@Gm@tempcnt=\count274
\Gm@bindingoffset=\dimen156
\Gm@wd@mp=\dimen157
\Gm@odd@mp=\dimen158
\Gm@even@mp=\dimen159
\Gm@layoutwidth=\dimen160
\Gm@layoutheight=\dimen161
\Gm@layouthoffset=\dimen162
\Gm@layoutvoffset=\dimen163
\Gm@dimlist=\toks27

(C:\Users\admin\AppData\Local\Programs\MiKTeX\tex/latex/geometry\geometry.cfg))

! LaTeX Error: Option clash for package geometry.

See the LaTeX manual or LaTeX Companion for explanation.
Type  H <return>  for immediate help.
 ...                                              
                                                  
l.62 \usepackage
                {tikz}
The package geometry has already been loaded with options:
  []
There has now been an attempt to load it with options
  [top=20pt,bottom=20pt,right=15pt,left=15pt]
Adding the global options:
  ,top=20pt,bottom=20pt,right=15pt,left=15pt
to your \documentclass declaration may fix this.
Try typing  <return>  to proceed.


(C:\Users\admin\AppData\Local\Programs\MiKTeX\tex/latex/pgf/frontendlayer\tikz.
sty
(C:\Users\admin\AppData\Local\Programs\MiKTeX\tex/latex/pgf/basiclayer\pgf.sty
(C:\Users\admin\AppData\Local\Programs\MiKTeX\tex/latex/pgf/utilities\pgfrcs.st
y
(C:\Users\admin\AppData\Local\Programs\MiKTeX\tex/generic/pgf/utilities\pgfutil
-common.tex
\pgfutil@everybye=\toks28
\pgfutil@tempdima=\dimen164
\pgfutil@tempdimb=\dimen165
)
(C:\Users\admin\AppData\Local\Programs\MiKTeX\tex/generic/pgf/utilities\pgfutil
-latex.def
\pgfutil@abb=\box55
)
(C:\Users\admin\AppData\Local\Programs\MiKTeX\tex/generic/pgf/utilities\pgfrcs.
code.tex
(C:\Users\admin\AppData\Local\Programs\MiKTeX\tex/generic/pgf\pgf.revision.tex)
Package: pgfrcs 2023-01-15 v3.1.10 (3.1.10)
))
Package: pgf 2023-01-15 v3.1.10 (3.1.10)

(C:\Users\admin\AppData\Local\Programs\MiKTeX\tex/latex/pgf/basiclayer\pgfcore.
sty
(C:\Users\admin\AppData\Local\Programs\MiKTeX\tex/latex/pgf/systemlayer\pgfsys.
sty
(C:\Users\admin\AppData\Local\Programs\MiKTeX\tex/generic/pgf/systemlayer\pgfsy
s.code.tex
Package: pgfsys 2023-01-15 v3.1.10 (3.1.10)

(C:\Users\admin\AppData\Local\Programs\MiKTeX\tex/generic/pgf/utilities\pgfkeys
.code.tex
\pgfkeys@pathtoks=\toks29
\pgfkeys@temptoks=\toks30

(C:\Users\admin\AppData\Local\Programs\MiKTeX\tex/generic/pgf/utilities\pgfkeys
libraryfiltered.code.tex
\pgfkeys@tmptoks=\toks31
))
\pgf@x=\dimen166
\pgf@y=\dimen167
\pgf@xa=\dimen168
\pgf@ya=\dimen169
\pgf@xb=\dimen170
\pgf@yb=\dimen171
\pgf@xc=\dimen172
\pgf@yc=\dimen173
\pgf@xd=\dimen174
\pgf@yd=\dimen175
\w@pgf@writea=\write3
\r@pgf@reada=\read2
\c@pgf@counta=\count275
\c@pgf@countb=\count276
\c@pgf@countc=\count277
\c@pgf@countd=\count278
\t@pgf@toka=\toks32
\t@pgf@tokb=\toks33
\t@pgf@tokc=\toks34
\pgf@sys@id@count=\count279

(C:\Users\admin\AppData\Local\Programs\MiKTeX\tex/generic/pgf/systemlayer\pgf.c
fg
File: pgf.cfg 2023-01-15 v3.1.10 (3.1.10)
)
Driver file for pgf: pgfsys-pdftex.def

(C:\Users\admin\AppData\Local\Programs\MiKTeX\tex/generic/pgf/systemlayer\pgfsy
s-pdftex.def
File: pgfsys-pdftex.def 2023-01-15 v3.1.10 (3.1.10)

(C:\Users\admin\AppData\Local\Programs\MiKTeX\tex/generic/pgf/systemlayer\pgfsy
s-common-pdf.def
File: pgfsys-common-pdf.def 2023-01-15 v3.1.10 (3.1.10)
)))
(C:\Users\admin\AppData\Local\Programs\MiKTeX\tex/generic/pgf/systemlayer\pgfsy
ssoftpath.code.tex
File: pgfsyssoftpath.code.tex 2023-01-15 v3.1.10 (3.1.10)
\pgfsyssoftpath@smallbuffer@items=\count280
\pgfsyssoftpath@bigbuffer@items=\count281
)
(C:\Users\admin\AppData\Local\Programs\MiKTeX\tex/generic/pgf/systemlayer\pgfsy
sprotocol.code.tex
File: pgfsysprotocol.code.tex 2023-01-15 v3.1.10 (3.1.10)
))
(C:\Users\admin\AppData\Local\Programs\MiKTeX\tex/generic/pgf/basiclayer\pgfcor
e.code.tex
Package: pgfcore 2023-01-15 v3.1.10 (3.1.10)

(C:\Users\admin\AppData\Local\Programs\MiKTeX\tex/generic/pgf/math\pgfmath.code
.tex
(C:\Users\admin\AppData\Local\Programs\MiKTeX\tex/generic/pgf/math\pgfmathutil.
code.tex)
(C:\Users\admin\AppData\Local\Programs\MiKTeX\tex/generic/pgf/math\pgfmathparse
r.code.tex
\pgfmath@dimen=\dimen176
\pgfmath@count=\count282
\pgfmath@box=\box56
\pgfmath@toks=\toks35
\pgfmath@stack@operand=\toks36
\pgfmath@stack@operation=\toks37
)
(C:\Users\admin\AppData\Local\Programs\MiKTeX\tex/generic/pgf/math\pgfmathfunct
ions.code.tex)
(C:\Users\admin\AppData\Local\Programs\MiKTeX\tex/generic/pgf/math\pgfmathfunct
ions.basic.code.tex)
(C:\Users\admin\AppData\Local\Programs\MiKTeX\tex/generic/pgf/math\pgfmathfunct
ions.trigonometric.code.tex)
(C:\Users\admin\AppData\Local\Programs\MiKTeX\tex/generic/pgf/math\pgfmathfunct
ions.random.code.tex)
(C:\Users\admin\AppData\Local\Programs\MiKTeX\tex/generic/pgf/math\pgfmathfunct
ions.comparison.code.tex)
(C:\Users\admin\AppData\Local\Programs\MiKTeX\tex/generic/pgf/math\pgfmathfunct
ions.base.code.tex)
(C:\Users\admin\AppData\Local\Programs\MiKTeX\tex/generic/pgf/math\pgfmathfunct
ions.round.code.tex)
(C:\Users\admin\AppData\Local\Programs\MiKTeX\tex/generic/pgf/math\pgfmathfunct
ions.misc.code.tex)
(C:\Users\admin\AppData\Local\Programs\MiKTeX\tex/generic/pgf/math\pgfmathfunct
ions.integerarithmetics.code.tex)
(C:\Users\admin\AppData\Local\Programs\MiKTeX\tex/generic/pgf/math\pgfmathcalc.
code.tex)
(C:\Users\admin\AppData\Local\Programs\MiKTeX\tex/generic/pgf/math\pgfmathfloat
.code.tex
\c@pgfmathroundto@lastzeros=\count283
))
(C:\Users\admin\AppData\Local\Programs\MiKTeX\tex/generic/pgf/math\pgfint.code.
tex)
(C:\Users\admin\AppData\Local\Programs\MiKTeX\tex/generic/pgf/basiclayer\pgfcor
epoints.code.tex
File: pgfcorepoints.code.tex 2023-01-15 v3.1.10 (3.1.10)
\pgf@picminx=\dimen177
\pgf@picmaxx=\dimen178
\pgf@picminy=\dimen179
\pgf@picmaxy=\dimen180
\pgf@pathminx=\dimen181
\pgf@pathmaxx=\dimen182
\pgf@pathminy=\dimen183
\pgf@pathmaxy=\dimen184
\pgf@xx=\dimen185
\pgf@xy=\dimen186
\pgf@yx=\dimen187
\pgf@yy=\dimen188
\pgf@zx=\dimen189
\pgf@zy=\dimen190
)
(C:\Users\admin\AppData\Local\Programs\MiKTeX\tex/generic/pgf/basiclayer\pgfcor
epathconstruct.code.tex
File: pgfcorepathconstruct.code.tex 2023-01-15 v3.1.10 (3.1.10)
\pgf@path@lastx=\dimen191
\pgf@path@lasty=\dimen192
)
(C:\Users\admin\AppData\Local\Programs\MiKTeX\tex/generic/pgf/basiclayer\pgfcor
epathusage.code.tex
File: pgfcorepathusage.code.tex 2023-01-15 v3.1.10 (3.1.10)
\pgf@shorten@end@additional=\dimen193
\pgf@shorten@start@additional=\dimen194
)
(C:\Users\admin\AppData\Local\Programs\MiKTeX\tex/generic/pgf/basiclayer\pgfcor
escopes.code.tex
File: pgfcorescopes.code.tex 2023-01-15 v3.1.10 (3.1.10)
\pgfpic=\box57
\pgf@hbox=\box58
\pgf@layerbox@main=\box59
\pgf@picture@serial@count=\count284
)
(C:\Users\admin\AppData\Local\Programs\MiKTeX\tex/generic/pgf/basiclayer\pgfcor
egraphicstate.code.tex
File: pgfcoregraphicstate.code.tex 2023-01-15 v3.1.10 (3.1.10)
\pgflinewidth=\dimen195
)
(C:\Users\admin\AppData\Local\Programs\MiKTeX\tex/generic/pgf/basiclayer\pgfcor
etransformations.code.tex
File: pgfcoretransformations.code.tex 2023-01-15 v3.1.10 (3.1.10)
\pgf@pt@x=\dimen196
\pgf@pt@y=\dimen197
\pgf@pt@temp=\dimen198
)
(C:\Users\admin\AppData\Local\Programs\MiKTeX\tex/generic/pgf/basiclayer\pgfcor
equick.code.tex
File: pgfcorequick.code.tex 2023-01-15 v3.1.10 (3.1.10)
)
(C:\Users\admin\AppData\Local\Programs\MiKTeX\tex/generic/pgf/basiclayer\pgfcor
eobjects.code.tex
File: pgfcoreobjects.code.tex 2023-01-15 v3.1.10 (3.1.10)
)
(C:\Users\admin\AppData\Local\Programs\MiKTeX\tex/generic/pgf/basiclayer\pgfcor
epathprocessing.code.tex
File: pgfcorepathprocessing.code.tex 2023-01-15 v3.1.10 (3.1.10)
)
(C:\Users\admin\AppData\Local\Programs\MiKTeX\tex/generic/pgf/basiclayer\pgfcor
earrows.code.tex
File: pgfcorearrows.code.tex 2023-01-15 v3.1.10 (3.1.10)
\pgfarrowsep=\dimen199
)
(C:\Users\admin\AppData\Local\Programs\MiKTeX\tex/generic/pgf/basiclayer\pgfcor
eshade.code.tex
File: pgfcoreshade.code.tex 2023-01-15 v3.1.10 (3.1.10)
\pgf@max=\dimen256
\pgf@sys@shading@range@num=\count285
\pgf@shadingcount=\count286
)
(C:\Users\admin\AppData\Local\Programs\MiKTeX\tex/generic/pgf/basiclayer\pgfcor
eimage.code.tex
File: pgfcoreimage.code.tex 2023-01-15 v3.1.10 (3.1.10)
)
(C:\Users\admin\AppData\Local\Programs\MiKTeX\tex/generic/pgf/basiclayer\pgfcor
eexternal.code.tex
File: pgfcoreexternal.code.tex 2023-01-15 v3.1.10 (3.1.10)
\pgfexternal@startupbox=\box60
)
(C:\Users\admin\AppData\Local\Programs\MiKTeX\tex/generic/pgf/basiclayer\pgfcor
elayers.code.tex
File: pgfcorelayers.code.tex 2023-01-15 v3.1.10 (3.1.10)
)
(C:\Users\admin\AppData\Local\Programs\MiKTeX\tex/generic/pgf/basiclayer\pgfcor
etransparency.code.tex
File: pgfcoretransparency.code.tex 2023-01-15 v3.1.10 (3.1.10)
)
(C:\Users\admin\AppData\Local\Programs\MiKTeX\tex/generic/pgf/basiclayer\pgfcor
epatterns.code.tex
File: pgfcorepatterns.code.tex 2023-01-15 v3.1.10 (3.1.10)
)
(C:\Users\admin\AppData\Local\Programs\MiKTeX\tex/generic/pgf/basiclayer\pgfcor
erdf.code.tex
File: pgfcorerdf.code.tex 2023-01-15 v3.1.10 (3.1.10)
)))
(C:\Users\admin\AppData\Local\Programs\MiKTeX\tex/generic/pgf/modules\pgfmodule
shapes.code.tex
File: pgfmoduleshapes.code.tex 2023-01-15 v3.1.10 (3.1.10)
\pgfnodeparttextbox=\box61
)
(C:\Users\admin\AppData\Local\Programs\MiKTeX\tex/generic/pgf/modules\pgfmodule
plot.code.tex
File: pgfmoduleplot.code.tex 2023-01-15 v3.1.10 (3.1.10)
)
(C:\Users\admin\AppData\Local\Programs\MiKTeX\tex/latex/pgf/compatibility\pgfco
mp-version-0-65.sty
Package: pgfcomp-version-0-65 2023-01-15 v3.1.10 (3.1.10)
\pgf@nodesepstart=\dimen257
\pgf@nodesepend=\dimen258
)
(C:\Users\admin\AppData\Local\Programs\MiKTeX\tex/latex/pgf/compatibility\pgfco
mp-version-1-18.sty
Package: pgfcomp-version-1-18 2023-01-15 v3.1.10 (3.1.10)
))
(C:\Users\admin\AppData\Local\Programs\MiKTeX\tex/latex/pgf/utilities\pgffor.st
y
(C:\Users\admin\AppData\Local\Programs\MiKTeX\tex/latex/pgf/utilities\pgfkeys.s
ty
(C:\Users\admin\AppData\Local\Programs\MiKTeX\tex/generic/pgf/utilities\pgfkeys
.code.tex))
(C:\Users\admin\AppData\Local\Programs\MiKTeX\tex/latex/pgf/math\pgfmath.sty
(C:\Users\admin\AppData\Local\Programs\MiKTeX\tex/generic/pgf/math\pgfmath.code
.tex))
(C:\Users\admin\AppData\Local\Programs\MiKTeX\tex/generic/pgf/utilities\pgffor.
code.tex
Package: pgffor 2023-01-15 v3.1.10 (3.1.10)
\pgffor@iter=\dimen259
\pgffor@skip=\dimen260
\pgffor@stack=\toks38
\pgffor@toks=\toks39
))
(C:\Users\admin\AppData\Local\Programs\MiKTeX\tex/generic/pgf/frontendlayer/tik
z\tikz.code.tex
Package: tikz 2023-01-15 v3.1.10 (3.1.10)

(C:\Users\admin\AppData\Local\Programs\MiKTeX\tex/generic/pgf/libraries\pgflibr
aryplothandlers.code.tex
File: pgflibraryplothandlers.code.tex 2023-01-15 v3.1.10 (3.1.10)
\pgf@plot@mark@count=\count287
\pgfplotmarksize=\dimen261
)
\tikz@lastx=\dimen262
\tikz@lasty=\dimen263
\tikz@lastxsaved=\dimen264
\tikz@lastysaved=\dimen265
\tikz@lastmovetox=\dimen266
\tikz@lastmovetoy=\dimen267
\tikzleveldistance=\dimen268
\tikzsiblingdistance=\dimen269
\tikz@figbox=\box62
\tikz@figbox@bg=\box63
\tikz@tempbox=\box64
\tikz@tempbox@bg=\box65
\tikztreelevel=\count288
\tikznumberofchildren=\count289
\tikznumberofcurrentchild=\count290
\tikz@fig@count=\count291

(C:\Users\admin\AppData\Local\Programs\MiKTeX\tex/generic/pgf/modules\pgfmodule
matrix.code.tex
File: pgfmodulematrix.code.tex 2023-01-15 v3.1.10 (3.1.10)
\pgfmatrixcurrentrow=\count292
\pgfmatrixcurrentcolumn=\count293
\pgf@matrix@numberofcolumns=\count294
)
\tikz@expandcount=\count295

(C:\Users\admin\AppData\Local\Programs\MiKTeX\tex/generic/pgf/frontendlayer/tik
z/libraries\tikzlibrarytopaths.code.tex
File: tikzlibrarytopaths.code.tex 2023-01-15 v3.1.10 (3.1.10)
)))
(C:\Users\admin\AppData\Local\Programs\MiKTeX\tex/generic/pgf/frontendlayer/tik
z/libraries\tikzlibraryshapes.code.tex
File: tikzlibraryshapes.code.tex 2023-01-15 v3.1.10 (3.1.10)

(C:\Users\admin\AppData\Local\Programs\MiKTeX\tex/generic/pgf/frontendlayer/tik
z/libraries\tikzlibraryshapes.geometric.code.tex
File: tikzlibraryshapes.geometric.code.tex 2023-01-15 v3.1.10 (3.1.10)

(C:\Users\admin\AppData\Local\Programs\MiKTeX\tex/generic/pgf/libraries/shapes\
pgflibraryshapes.geometric.code.tex
File: pgflibraryshapes.geometric.code.tex 2023-01-15 v3.1.10 (3.1.10)
))
(C:\Users\admin\AppData\Local\Programs\MiKTeX\tex/generic/pgf/frontendlayer/tik
z/libraries\tikzlibraryshapes.misc.code.tex
File: tikzlibraryshapes.misc.code.tex 2023-01-15 v3.1.10 (3.1.10)

(C:\Users\admin\AppData\Local\Programs\MiKTeX\tex/generic/pgf/libraries/shapes\
pgflibraryshapes.misc.code.tex
File: pgflibraryshapes.misc.code.tex 2023-01-15 v3.1.10 (3.1.10)
))
(C:\Users\admin\AppData\Local\Programs\MiKTeX\tex/generic/pgf/frontendlayer/tik
z/libraries\tikzlibraryshapes.symbols.code.tex
File: tikzlibraryshapes.symbols.code.tex 2023-01-15 v3.1.10 (3.1.10)

(C:\Users\admin\AppData\Local\Programs\MiKTeX\tex/generic/pgf/libraries/shapes\
pgflibraryshapes.symbols.code.tex
File: pgflibraryshapes.symbols.code.tex 2023-01-15 v3.1.10 (3.1.10)
))
(C:\Users\admin\AppData\Local\Programs\MiKTeX\tex/generic/pgf/frontendlayer/tik
z/libraries\tikzlibraryshapes.arrows.code.tex
File: tikzlibraryshapes.arrows.code.tex 2023-01-15 v3.1.10 (3.1.10)

(C:\Users\admin\AppData\Local\Programs\MiKTeX\tex/generic/pgf/libraries/shapes\
pgflibraryshapes.arrows.code.tex
File: pgflibraryshapes.arrows.code.tex 2023-01-15 v3.1.10 (3.1.10)
))
(C:\Users\admin\AppData\Local\Programs\MiKTeX\tex/generic/pgf/frontendlayer/tik
z/libraries\tikzlibraryshapes.callouts.code.tex
(C:\Users\admin\AppData\Local\Programs\MiKTeX\tex/generic/pgf/libraries/shapes\
pgflibraryshapes.callouts.code.tex))
(C:\Users\admin\AppData\Local\Programs\MiKTeX\tex/generic/pgf/frontendlayer/tik
z/libraries\tikzlibraryshapes.multipart.code.tex
File: tikzlibraryshapes.multipart.code.tex 2023-01-15 v3.1.10 (3.1.10)

(C:\Users\admin\AppData\Local\Programs\MiKTeX\tex/generic/pgf/libraries/shapes\
pgflibraryshapes.multipart.code.tex
File: pgflibraryshapes.multipart.code.tex 2023-01-15 v3.1.10 (3.1.10)
\pgfnodepartlowerbox=\box66
\pgfnodeparttwobox=\box67
\pgfnodepartthreebox=\box68
\pgfnodepartfourbox=\box69
\pgfnodeparttwentybox=\box70
\pgfnodepartnineteenbox=\box71
\pgfnodeparteighteenbox=\box72
\pgfnodepartseventeenbox=\box73
\pgfnodepartsixteenbox=\box74
\pgfnodepartfifteenbox=\box75
\pgfnodepartfourteenbox=\box76
\pgfnodepartthirteenbox=\box77
\pgfnodeparttwelvebox=\box78
\pgfnodepartelevenbox=\box79
\pgfnodeparttenbox=\box80
\pgfnodepartninebox=\box81
\pgfnodeparteightbox=\box82
\pgfnodepartsevenbox=\box83
\pgfnodepartsixbox=\box84
\pgfnodepartfivebox=\box85
)))
(C:\Users\admin\AppData\Local\Programs\MiKTeX\tex/generic/pgf/frontendlayer/tik
z/libraries\tikzlibraryarrows.code.tex
File: tikzlibraryarrows.code.tex 2023-01-15 v3.1.10 (3.1.10)

(C:\Users\admin\AppData\Local\Programs\MiKTeX\tex/generic/pgf/libraries\pgflibr
aryarrows.code.tex
File: pgflibraryarrows.code.tex 2023-01-15 v3.1.10 (3.1.10)
\arrowsize=\dimen270
))
(C:\Users\admin\AppData\Local\Programs\MiKTeX\tex/latex/enumitem\enumitem.sty
Package: enumitem 2019/06/20 v3.9 Customized lists
\labelindent=\skip55
\enit@outerparindent=\dimen271
\enit@toks=\toks40
\enit@inbox=\box86
\enit@count@id=\count296
\enitdp@description=\count297
)
(C:\Users\admin\AppData\Local\Programs\MiKTeX\tex/latex/tools\longtable.sty
Package: longtable 2021-09-01 v4.17 Multi-page Table package (DPC)
\LTleft=\skip56
\LTright=\skip57
\LTpre=\skip58
\LTpost=\skip59
\LTchunksize=\count298
\LTcapwidth=\dimen272
\LT@head=\box87
\LT@firsthead=\box88
\LT@foot=\box89
\LT@lastfoot=\box90
\LT@gbox=\box91
\LT@cols=\count299
\LT@rows=\count300
\c@LT@tables=\count301
\c@LT@chunks=\count302
\LT@p@ftn=\toks41
)
(C:\Users\admin\AppData\Local\Programs\MiKTeX\tex/latex/tools\array.sty
Package: array 2022/09/04 v2.5g Tabular extension package (FMi)
\col@sep=\dimen273
\ar@mcellbox=\box92
\extrarowheight=\dimen274
\NC@list=\toks42
\extratabsurround=\skip60
\backup@length=\skip61
\ar@cellbox=\box93
)
\c@bracketedromanenumi=\count303
\enitdp@bracketedromanenum=\count304

(C:\Users\admin\AppData\Local\Programs\MiKTeX\tex/latex/upquote\upquote.sty
Package: upquote 2012/04/19 v1.3 upright-quote and grave-accent glyphs in verba
tim
)
(C:\Users\admin\AppData\Local\Programs\MiKTeX\tex/latex/l3backend\l3backend-pdf
tex.def
File: l3backend-pdftex.def 2023-04-19 L3 backend support: PDF output (pdfTeX)
\l__color_backend_stack_int=\count305
\l__pdf_internal_box=\box94
) (OLR dan's.aux

LaTeX Warning: Label `eq:3.9' multiply defined.

)
\openout1 = `"OLR dan's.aux"'.

LaTeX Font Info:    Checking defaults for OML/cmm/m/it on input line 81.
LaTeX Font Info:    ... okay on input line 81.
LaTeX Font Info:    Checking defaults for OMS/cmsy/m/n on input line 81.
LaTeX Font Info:    ... okay on input line 81.
LaTeX Font Info:    Checking defaults for OT1/cmr/m/n on input line 81.
LaTeX Font Info:    ... okay on input line 81.
LaTeX Font Info:    Checking defaults for T1/cmr/m/n on input line 81.
LaTeX Font Info:    ... okay on input line 81.
LaTeX Font Info:    Checking defaults for TS1/cmr/m/n on input line 81.
LaTeX Font Info:    ... okay on input line 81.
LaTeX Font Info:    Checking defaults for OMX/cmex/m/n on input line 81.
LaTeX Font Info:    ... okay on input line 81.
LaTeX Font Info:    Checking defaults for U/cmr/m/n on input line 81.
LaTeX Font Info:    ... okay on input line 81.

(C:\Users\admin\AppData\Local\Programs\MiKTeX\tex/context/base/mkii\supp-pdf.mk
ii
[Loading MPS to PDF converter (version 2006.09.02).]
\scratchcounter=\count306
\scratchdimen=\dimen275
\scratchbox=\box95
\nofMPsegments=\count307
\nofMParguments=\count308
\everyMPshowfont=\toks43
\MPscratchCnt=\count309
\MPscratchDim=\dimen276
\MPnumerator=\count310
\makeMPintoPDFobject=\count311
\everyMPtoPDFconversion=\toks44
)
(C:\Users\admin\AppData\Local\Programs\MiKTeX\tex/latex/epstopdf-pkg\epstopdf-b
ase.sty
Package: epstopdf-base 2020-01-24 v2.11 Base part for package epstopdf
Package epstopdf-base Info: Redefining graphics rule for `.eps' on input line 4
85.

(C:\Users\admin\AppData\Local\Programs\MiKTeX\tex/latex/00miktex\epstopdf-sys.c
fg
File: epstopdf-sys.cfg 2021/03/18 v2.0 Configuration of epstopdf for MiKTeX
))
*geometry* driver: auto-detecting
*geometry* detected driver: pdftex
*geometry* verbose mode - [ preamble ] result:
* driver: pdftex
* paper: <default>
* layout: <same size as paper>
* layoutoffset:(h,v)=(0.0pt,0.0pt)
* modes: 
* h-part:(L,W,R)=(92.14519pt, 430.00462pt, 92.14519pt)
* v-part:(T,H,B)=(95.39737pt, 556.47656pt, 143.09605pt)
* \paperwidth=614.295pt
* \paperheight=794.96999pt
* \textwidth=430.00462pt
* \textheight=556.47656pt
* \oddsidemargin=19.8752pt
* \evensidemargin=19.8752pt
* \topmargin=23.12738pt
* \headheight=0.0pt
* \headsep=0.0pt
* \topskip=12.0pt
* \footskip=30.0pt
* \marginparwidth=44.0pt
* \marginparsep=10.0pt
* \columnsep=10.0pt
* \skip\footins=10.8pt plus 4.0pt minus 2.0pt
* \hoffset=0.0pt
* \voffset=0.0pt
* \mag=1000
* \@twocolumnfalse
* \@twosidefalse
* \@mparswitchfalse
* \@reversemarginfalse
* (1in=72.27pt=25.4mm, 1cm=28.453pt)

<UoN_Logo.png, id=4, 250.9375pt x 303.1325pt>
File: UoN_Logo.png Graphic file (type png)
<use UoN_Logo.png>
Package pdftex.def Info: UoN_Logo.png  used on input line 86.
(pdftex.def)             Requested size: 129.00269pt x 155.84439pt.
[1

{C:/Users/admin/AppData/Local/MiKTeX/fonts/map/pdftex/pdftex.map} <./UoN_Logo.p
ng>]
Underfull \hbox (badness 10000) in paragraph at lines 124--125

 []


Underfull \hbox (badness 10000) in paragraph at lines 124--125

 []


Overfull \hbox (20.1509pt too wide) in paragraph at lines 126--141
[][] 
 []


Underfull \hbox (badness 10000) in paragraph at lines 142--143

 []


Underfull \hbox (badness 10000) in paragraph at lines 145--146

 []


Underfull \hbox (badness 10000) in paragraph at lines 149--150

 []

[1] [2] [3] (OLR dan's.toc [4])
\tf@toc=\write4
\openout4 = `"OLR dan's.toc"'.

 [5] (OLR dan's.lof)
\tf@lof=\write5
\openout5 = `"OLR dan's.lof"'.

 [6]
Underfull \hbox (badness 10000) in paragraph at lines 180--186

 []


Underfull \hbox (badness 10000) in paragraph at lines 180--186

 []


Underfull \hbox (badness 10000) in paragraph at lines 180--186

 []


Underfull \hbox (badness 10000) in paragraph at lines 180--186

 []


Underfull \hbox (badness 10000) in paragraph at lines 180--186

 []


Underfull \hbox (badness 10000) in paragraph at lines 180--186

 []


Underfull \hbox (badness 10000) in paragraph at lines 180--186

 []

[7] [8] [9] [1

] [2]
Underfull \hbox (badness 10000) in paragraph at lines 241--242

 []


Underfull \hbox (badness 10000) in paragraph at lines 244--245

 []


Underfull \hbox (badness 10000) in paragraph at lines 246--247

 []


Underfull \hbox (badness 10000) in paragraph at lines 249--250

 []

[3]
Underfull \hbox (badness 10000) in paragraph at lines 251--252

 []


Underfull \hbox (badness 10000) in paragraph at lines 253--254

 []


Underfull \hbox (badness 10000) in paragraph at lines 255--256

 []

[4]
Underfull \hbox (badness 10000) in paragraph at lines 257--258

 []


Underfull \hbox (badness 10000) in paragraph at lines 259--260

 []


Underfull \hbox (badness 10000) in paragraph at lines 261--262

 []

[5] [6] [7]
! Extra }, or forgotten $.
l.302 ...qual to a specific category $j=1,...,j-1}
                                                  $.\\
I've deleted a group-closing symbol because it seems to be
spurious, as in `$x}$'. But perhaps the } is legitimate and
you forgot something else, as in `\hbox{$x}'. In such cases
the way to recover is to insert both the forgotten and the
deleted material, e.g., by typing `I$}'.


Underfull \hbox (badness 10000) in paragraph at lines 314--315

 []


Underfull \hbox (badness 10000) in paragraph at lines 320--321

 []


Underfull \hbox (badness 10000) in paragraph at lines 326--327

 []

[8]
Underfull \hbox (badness 10000) in paragraph at lines 353--354

 []


Underfull \hbox (badness 10000) in paragraph at lines 370--372

 []


Underfull \hbox (badness 10000) in paragraph at lines 370--372

 []

[9]

! LaTeX Error: There's no line here to end.

See the LaTeX manual or LaTeX Companion for explanation.
Type  H <return>  for immediate help.
 ...                                              
                                                  
l.408 I
       n the model
Your command was ignored.
Type  I <command> <return>  to replace it with another command,
or  <return>  to continue without it.

[10] [11]
LaTeX Font Info:    Font shape `OT1/cmtt/bx/n' in size <12> not available
(Font)              Font shape `OT1/cmtt/m/n' tried instead on input line 452.

Overfull \hbox (2.24559pt too wide) in paragraph at lines 465--465
[]\OT1/cmtt/m/n/12 ##  $ marital_status : chr  "single" "single" "divorced" "ma
rried" ...[] 
 []


Overfull \hbox (39.29561pt too wide) in paragraph at lines 465--465
[]\OT1/cmtt/m/n/12 ##  $ education      : chr  "secondary" "tertiary" "secondar
y" "primary" ...[] 
 []


Overfull \hbox (94.87064pt too wide) in paragraph at lines 465--465
[]\OT1/cmtt/m/n/12 ##  $ depression     : Factor w/ 5 levels "1","2","3","4",..
: 2 1 2 2 1 2 2 1 1 5 ...[] 
 []


Overfull \hbox (39.29561pt too wide) in paragraph at lines 492--492
[]\OT1/cmtt/m/n/12 ##    age_participant age_patient sex_participant sex_patien
t marital_status[] 
 []


Overfull \hbox (39.29561pt too wide) in paragraph at lines 492--492
[]\OT1/cmtt/m/n/12 ## 1               54          51               1           
0         single[] 
 []


Overfull \hbox (39.29561pt too wide) in paragraph at lines 492--492
[]\OT1/cmtt/m/n/12 ## 2               34          53               1           
1         single[] 
 []


Overfull \hbox (39.29561pt too wide) in paragraph at lines 492--492
[]\OT1/cmtt/m/n/12 ## 3               44          25               0           
0       divorced[] 
 []


Overfull \hbox (39.29561pt too wide) in paragraph at lines 492--492
[]\OT1/cmtt/m/n/12 ## 4               46          38               1           
1        married[] 
 []


Overfull \hbox (39.29561pt too wide) in paragraph at lines 492--492
[]\OT1/cmtt/m/n/12 ## 5               44          25               0           
1        married[] 
 []


Overfull \hbox (39.29561pt too wide) in paragraph at lines 492--492
[]\OT1/cmtt/m/n/12 ## 6               39          32               0           
0         single[] 
 []


Overfull \hbox (39.29561pt too wide) in paragraph at lines 492--492
[]\OT1/cmtt/m/n/12 ## 7               55          21               0           
1         single[] 
 []


Overfull \hbox (39.29561pt too wide) in paragraph at lines 492--492
[]\OT1/cmtt/m/n/12 ## 8               39          23               0           
0       divorced[] 
 []


Overfull \hbox (39.29561pt too wide) in paragraph at lines 492--492
[]\OT1/cmtt/m/n/12 ## 9               60          58               0           
0         single[] 
 []


Overfull \hbox (39.29561pt too wide) in paragraph at lines 492--492
[]\OT1/cmtt/m/n/12 ## 10              39          40               0           
1       divorced[] 
 []


Overfull \hbox (2.24559pt too wide) in paragraph at lines 499--499
[][]\OT1/cmtt/m/n/12 education_mapping[] []<-[] []c[][]([][]"primary"[] []=[] [
]1[][],[] []"secondary"[] []=[] []2[][],[] []"tertiary"[] []=[] []3[][])[][] 
 []


Overfull \hbox (14.5956pt too wide) in paragraph at lines 502--502
[][]\OT1/cmtt/m/n/12 marital_status_mapping[] []<-[] []c[][]([][]"married"[] []
=[] []1[][],[] []"single"[] []=[] []2[][],[] []"divorced"[] []=[] []3[][])[][] 

 []


Overfull \hbox (195.77296pt too wide) in paragraph at lines 504--504
[][]\OT1/cmtt/m/it/12 # Mutate the ^^Meducation^^M and ^^Mmarital_status^^M col
umns with numeric values and also scale the income[][] 
 []


Overfull \hbox (26.9456pt too wide) in paragraph at lines 524--524
[]\OT1/cmtt/m/n/12 ## [1] "age_participant" "age_patient"     "sex_participant"
 "sex_patient"[] 
 []


Overfull \hbox (45.47061pt too wide) in paragraph at lines 524--524
[]\OT1/cmtt/m/n/12 ## [5] "marital_status"  "education"       "income_ksh"     
 "social_support"[] 
 []

[12] [13]
Overfull \hbox (57.82062pt too wide) in paragraph at lines 551--551
[]\OT1/cmtt/m/n/12 ##  marital_status    education       income_ksh      social
_support depression[] 
 []


Overfull \hbox (26.9456pt too wide) in paragraph at lines 551--551
[]\OT1/cmtt/m/n/12 ##  Min.   :1.000   Min.   :1.000   Min.   : 0.0676   Min.  
 :0.00   1:141[] 
 []


Overfull \hbox (26.9456pt too wide) in paragraph at lines 551--551
[]\OT1/cmtt/m/n/12 ##  1st Qu.:1.000   1st Qu.:1.000   1st Qu.: 0.7426   1st Qu
.:0.00   2:240[] 
 []


Overfull \hbox (26.9456pt too wide) in paragraph at lines 551--551
[]\OT1/cmtt/m/n/12 ##  Median :2.000   Median :2.000   Median : 1.5294   Median
 :0.00   3:161[] 
 []


Overfull \hbox (26.9456pt too wide) in paragraph at lines 551--551
[]\OT1/cmtt/m/n/12 ##  Mean   :1.764   Mean   :1.897   Mean   : 2.6717   Mean  
 :0.28   4: 99[] 
 []


Overfull \hbox (26.9456pt too wide) in paragraph at lines 551--551
[]\OT1/cmtt/m/n/12 ##  3rd Qu.:2.000   3rd Qu.:2.000   3rd Qu.: 3.0880   3rd Qu
.:1.00   5: 59[] 
 []


Overfull \hbox (70.17062pt too wide) in paragraph at lines 568--568
[]\OT1/cmtt/m/n/12 ##   ..- attr(*, "names")= chr [1:700] "single" "single" "di
vorced" "married" ...[] 
 []


Overfull \hbox (107.22064pt too wide) in paragraph at lines 568--568
[]\OT1/cmtt/m/n/12 ##   ..- attr(*, "names")= chr [1:700] "secondary" "tertiary
" "secondary" "primary" ...[] 
 []


Overfull \hbox (94.87064pt too wide) in paragraph at lines 568--568
[]\OT1/cmtt/m/n/12 ##  $ depression     : Factor w/ 5 levels "1","2","3","4",..
: 2 1 2 2 1 2 2 1 1 5 ...[] 
 []

[14]
Overfull \hbox (107.22064pt too wide) in paragraph at lines 577--577
[][]\OT1/cmtt/m/n/12 hist[][](dataset[][]$[][]age_participant,[] []main[] []=[]
 []"Histogram of Age of the Caregiver"[][],[] []xlab[] []=[] []"Age"[][])[][] 
 []

<Rplot01.pdf, id=98, 398.48875pt x 357.335pt>
File: Rplot01.pdf Graphic file (type pdf)
<use Rplot01.pdf>
Package pdftex.def Info: Rplot01.pdf  used on input line 581.
(pdftex.def)             Requested size: 398.48778pt x 357.35048pt.
[15]
Overfull \hbox (261.59572pt too wide) in paragraph at lines 592--592
[][]\OT1/cmtt/m/n/12 barplot[][]([][]table[][](dataset[][]$[][]education),[] []
main[] []=[] []"Education Distribution"[][],[] []xlab[] []=[] []"Education Leve
l"[][],[] []ylab[] []=[] []"Frequency"[][])[][] 
 []

<Rplot2.pdf, id=103, 398.48875pt x 357.335pt>
File: Rplot2.pdf Graphic file (type pdf)
<use Rplot2.pdf>
Package pdftex.def Info: Rplot2.pdf  used on input line 596.
(pdftex.def)             Requested size: 398.48778pt x 357.35048pt.
[16 <./Rplot01.pdf>]
Overfull \hbox (366.57077pt too wide) in paragraph at lines 609--609
[][]\OT1/cmtt/m/n/12 boxplot[][](dataset[][]$[][]income_ksh[] []~[] []dataset[]
[]$[][]depression,[] []main[] []=[] []"Income by Depression Level"[][],[] []xla
b[] []=[] []"Depression Level"[][],[] []ylab[] []=[] []"Income"[][])[][] 
 []

<Rplot3.pdf, id=113, 398.48875pt x 357.335pt>
File: Rplot3.pdf Graphic file (type pdf)
<use Rplot3.pdf>
Package pdftex.def Info: Rplot3.pdf  used on input line 613.
(pdftex.def)             Requested size: 398.48778pt x 357.35048pt.
[17 <./Rplot2.pdf>]
Overfull \hbox (26.9456pt too wide) in paragraph at lines 625--625
[]\OT1/cmtt/m/n/12 ## [1] "age_participant" "age_patient"     "sex_participant"
 "sex_patient"[] 
 []


Overfull \hbox (45.47061pt too wide) in paragraph at lines 625--625
[]\OT1/cmtt/m/n/12 ## [5] "marital_status"  "education"       "income_ksh"     
 "social_support"[] 
 []


Overfull \hbox (57.82062pt too wide) in paragraph at lines 627--627
[][]\OT1/cmtt/m/n/12 cor_matrix[] []<-[] []cor[][](dataset[,[] []c[][]([][]"age
_participant"[][],[] []"age_patient"[][],[] []"income_ksh"[][])])[][] 
 []

[18 <./Rplot3.pdf>]
<Rplot4.pdf, id=132, 398.48875pt x 357.335pt>
File: Rplot4.pdf Graphic file (type pdf)
<use Rplot4.pdf>
Package pdftex.def Info: Rplot4.pdf  used on input line 648.
(pdftex.def)             Requested size: 398.48778pt x 357.35048pt.
 [19 <./Rplot4.pdf>]
Overfull \hbox (20.7706pt too wide) in paragraph at lines 664--664
[]                []\OT1/cmtt/m/n/12 marital_status[] []+[] []education[] []+[]
 []income_ksh[] []+[] []social_support,[][] 
 []


Overfull \hbox (57.82062pt too wide) in paragraph at lines 702--702
[]\OT1/cmtt/m/n/12 ## polr(formula = depression ~ age_participant + age_patient
 + marital_status +[] 
 []


Overfull \hbox (8.4206pt too wide) in paragraph at lines 702--702
[]\OT1/cmtt/m/n/12 ##     education + income_ksh + social_support, data = df, H
ess = TRUE)[] 
 []

[20]
Overfull \hbox (66.507pt too wide) detected at line 707
\OML/cmm/m/it/12 logit\OT1/cmr/m/n/12 (\OML/cmm/m/it/12 P\OT1/cmr/m/n/12 (\OML/
cmm/m/it/12 Y \OMS/cmsy/m/n/12 ^^T \OT1/cmr/m/n/12 1)) = \OMS/cmsy/m/n/12 ^^@\O
T1/cmr/m/n/12 1\OML/cmm/m/it/12 :\OT1/cmr/m/n/12 38 \OMS/cmsy/m/n/12 ^^@ \OT1/c
mr/m/n/12 (\OMS/cmsy/m/n/12 ^^@\OT1/cmr/m/n/12 0\OML/cmm/m/it/12 :\OT1/cmr/m/n/
12 005)\OML/cmm/m/it/12 x[] \OMS/cmsy/m/n/12 ^^@ \OT1/cmr/m/n/12 (\OMS/cmsy/m/n
/12 ^^@\OT1/cmr/m/n/12 0\OML/cmm/m/it/12 :\OT1/cmr/m/n/12 0008)\OML/cmm/m/it/12
 x[] \OMS/cmsy/m/n/12 ^^@ \OT1/cmr/m/n/12 (0\OML/cmm/m/it/12 :\OT1/cmr/m/n/12 0
76)\OML/cmm/m/it/12 x[] \OMS/cmsy/m/n/12 ^^@ \OT1/cmr/m/n/12 (0\OML/cmm/m/it/12
 :\OT1/cmr/m/n/12 05)\OML/cmm/m/it/12 x[] \OMS/cmsy/m/n/12 ^^@ \OT1/cmr/m/n/12 
(0\OML/cmm/m/it/12 :\OT1/cmr/m/n/12 013)\OML/cmm/m/it/12 x[] \OMS/cmsy/m/n/12 ^
^@ \OT1/cmr/m/n/12 (\OMS/cmsy/m/n/12 ^^@\OT1/cmr/m/n/12 0\OML/cmm/m/it/12 :\OT1
/cmr/m/n/12 056)\OML/cmm/m/it/12 x[]
 []


Overfull \hbox (57.17365pt too wide) detected at line 708
\OML/cmm/m/it/12 logit\OT1/cmr/m/n/12 (\OML/cmm/m/it/12 P\OT1/cmr/m/n/12 (\OML/
cmm/m/it/12 Y \OMS/cmsy/m/n/12 ^^T \OT1/cmr/m/n/12 2)) = 0\OML/cmm/m/it/12 :\OT
1/cmr/m/n/12 18 \OMS/cmsy/m/n/12 ^^@ \OT1/cmr/m/n/12 (\OMS/cmsy/m/n/12 ^^@\OT1/
cmr/m/n/12 0\OML/cmm/m/it/12 :\OT1/cmr/m/n/12 005)\OML/cmm/m/it/12 x[] \OMS/cms
y/m/n/12 ^^@ \OT1/cmr/m/n/12 (\OMS/cmsy/m/n/12 ^^@\OT1/cmr/m/n/12 0\OML/cmm/m/i
t/12 :\OT1/cmr/m/n/12 0008)\OML/cmm/m/it/12 x[] \OMS/cmsy/m/n/12 ^^@ \OT1/cmr/m
/n/12 (0\OML/cmm/m/it/12 :\OT1/cmr/m/n/12 076)\OML/cmm/m/it/12 x[] \OMS/cmsy/m/
n/12 ^^@ \OT1/cmr/m/n/12 (0\OML/cmm/m/it/12 :\OT1/cmr/m/n/12 05)\OML/cmm/m/it/1
2 x[] \OMS/cmsy/m/n/12 ^^@ \OT1/cmr/m/n/12 (0\OML/cmm/m/it/12 :\OT1/cmr/m/n/12 
013)\OML/cmm/m/it/12 x[] \OMS/cmsy/m/n/12 ^^@ \OT1/cmr/m/n/12 (\OMS/cmsy/m/n/12
 ^^@\OT1/cmr/m/n/12 0\OML/cmm/m/it/12 :\OT1/cmr/m/n/12 056)\OML/cmm/m/it/12 x[]

 []


Overfull \hbox (57.17365pt too wide) detected at line 709
\OML/cmm/m/it/12 logit\OT1/cmr/m/n/12 (\OML/cmm/m/it/12 P\OT1/cmr/m/n/12 (\OML/
cmm/m/it/12 Y \OMS/cmsy/m/n/12 ^^T \OT1/cmr/m/n/12 3)) = 1\OML/cmm/m/it/12 :\OT
1/cmr/m/n/12 23 \OMS/cmsy/m/n/12 ^^@ \OT1/cmr/m/n/12 (\OMS/cmsy/m/n/12 ^^@\OT1/
cmr/m/n/12 0\OML/cmm/m/it/12 :\OT1/cmr/m/n/12 005)\OML/cmm/m/it/12 x[] \OMS/cms
y/m/n/12 ^^@ \OT1/cmr/m/n/12 (\OMS/cmsy/m/n/12 ^^@\OT1/cmr/m/n/12 0\OML/cmm/m/i
t/12 :\OT1/cmr/m/n/12 0008)\OML/cmm/m/it/12 x[] \OMS/cmsy/m/n/12 ^^@ \OT1/cmr/m
/n/12 (0\OML/cmm/m/it/12 :\OT1/cmr/m/n/12 076)\OML/cmm/m/it/12 x[] \OMS/cmsy/m/
n/12 ^^@ \OT1/cmr/m/n/12 (0\OML/cmm/m/it/12 :\OT1/cmr/m/n/12 05)\OML/cmm/m/it/1
2 x[] \OMS/cmsy/m/n/12 ^^@ \OT1/cmr/m/n/12 (0\OML/cmm/m/it/12 :\OT1/cmr/m/n/12 
013)\OML/cmm/m/it/12 x[] \OMS/cmsy/m/n/12 ^^@ \OT1/cmr/m/n/12 (\OMS/cmsy/m/n/12
 ^^@\OT1/cmr/m/n/12 0\OML/cmm/m/it/12 :\OT1/cmr/m/n/12 056)\OML/cmm/m/it/12 x[]

 []


Overfull \hbox (57.17365pt too wide) detected at line 710
\OML/cmm/m/it/12 logit\OT1/cmr/m/n/12 (\OML/cmm/m/it/12 P\OT1/cmr/m/n/12 (\OML/
cmm/m/it/12 Y \OMS/cmsy/m/n/12 ^^T \OT1/cmr/m/n/12 4)) = 2\OML/cmm/m/it/12 :\OT
1/cmr/m/n/12 39 \OMS/cmsy/m/n/12 ^^@ \OT1/cmr/m/n/12 (\OMS/cmsy/m/n/12 ^^@\OT1/
cmr/m/n/12 0\OML/cmm/m/it/12 :\OT1/cmr/m/n/12 005)\OML/cmm/m/it/12 x[] \OMS/cms
y/m/n/12 ^^@ \OT1/cmr/m/n/12 (\OMS/cmsy/m/n/12 ^^@\OT1/cmr/m/n/12 0\OML/cmm/m/i
t/12 :\OT1/cmr/m/n/12 0008)\OML/cmm/m/it/12 x[] \OMS/cmsy/m/n/12 ^^@ \OT1/cmr/m
/n/12 (0\OML/cmm/m/it/12 :\OT1/cmr/m/n/12 076)\OML/cmm/m/it/12 x[] \OMS/cmsy/m/
n/12 ^^@ \OT1/cmr/m/n/12 (0\OML/cmm/m/it/12 :\OT1/cmr/m/n/12 05)\OML/cmm/m/it/1
2 x[] \OMS/cmsy/m/n/12 ^^@ \OT1/cmr/m/n/12 (0\OML/cmm/m/it/12 :\OT1/cmr/m/n/12 
013)\OML/cmm/m/it/12 x[] \OMS/cmsy/m/n/12 ^^@ \OT1/cmr/m/n/12 (\OMS/cmsy/m/n/12
 ^^@\OT1/cmr/m/n/12 0\OML/cmm/m/it/12 :\OT1/cmr/m/n/12 056)\OML/cmm/m/it/12 x[]

 []


Underfull \hbox (badness 10000) in paragraph at lines 734--735

 []

[21]
Underfull \hbox (badness 10000) in paragraph at lines 769--770

 []


Underfull \hbox (badness 10000) in paragraph at lines 771--772

 []


Underfull \hbox (badness 10000) in paragraph at lines 773--774

 []


Underfull \hbox (badness 10000) in paragraph at lines 775--776

 []


Underfull \hbox (badness 10000) in paragraph at lines 777--778

 []


Underfull \hbox (badness 10000) in paragraph at lines 779--780

 []

[22]
Overfull \hbox (76.34563pt too wide) in paragraph at lines 794--794
[]\OT1/cmtt/m/n/12 ## age_participant     age_patient  marital_status       edu
cation      income_ksh[] 
 []


Overfull \hbox (76.34563pt too wide) in paragraph at lines 794--794
[]\OT1/cmtt/m/n/12 ##       1.0052778       1.0008126       0.9269545       0.9
516049       0.9867210[] 
 []

[23]
Overfull \hbox (144.27066pt too wide) in paragraph at lines 854--854
[]\OT1/cmtt/m/n/12 ##                                                          
                            Model[] 
 []


Overfull \hbox (144.27066pt too wide) in paragraph at lines 854--854
[]\OT1/cmtt/m/n/12 ## 1                                                        
                                1[] 
 []


Overfull \hbox (144.27066pt too wide) in paragraph at lines 854--854
[]\OT1/cmtt/m/n/12 ## 2 age_participant + age_patient + marital_status + educat
ion + income_ksh + social_support[] 
 []

[24] [25] [26] [27] [28] [29] (OLR dan's.aux)
 ***********
LaTeX2e <2023-06-01> patch level 1
L3 programming layer <2023-06-16>
 ***********


LaTeX Warning: There were multiply-defined labels.

 ) 
Here is how much of TeX's memory you used:
 16243 strings out of 476036
 350267 string characters out of 5779824
 1875763 words of memory out of 5000000
 36677 multiletter control sequences out of 15000+600000
 521798 words of font info for 63 fonts, out of 8000000 for 9000
 1141 hyphenation exceptions out of 8191
 84i,8n,87p,1297b,300s stack positions out of 10000i,1000n,20000p,200000b,200000s
 <C:\Users\admin\AppData\Local\MiKTeX\fonts/pk/ljfour/jknappen/ec/dpi600\tcrm
1200.pk><C:/Users/admin/AppData/Local/Programs/MiKTeX/fonts/type1/public/amsfon
ts/cm/cmbx12.pfb><C:/Users/admin/AppData/Local/Programs/MiKTeX/fonts/type1/publ
ic/amsfonts/cm/cmbx8.pfb><C:/Users/admin/AppData/Local/Programs/MiKTeX/fonts/ty
pe1/public/amsfonts/cm/cmex10.pfb><C:/Users/admin/AppData/Local/Programs/MiKTeX
/fonts/type1/public/amsfonts/cmextra/cmex8.pfb><C:/Users/admin/AppData/Local/Pr
ograms/MiKTeX/fonts/type1/public/amsfonts/cm/cmitt10.pfb><C:/Users/admin/AppDat
a/Local/Programs/MiKTeX/fonts/type1/public/amsfonts/cm/cmmi12.pfb><C:/Users/adm
in/AppData/Local/Programs/MiKTeX/fonts/type1/public/amsfonts/cm/cmmi6.pfb><C:/U
sers/admin/AppData/Local/Programs/MiKTeX/fonts/type1/public/amsfonts/cm/cmmi8.p
fb><C:/Users/admin/AppData/Local/Programs/MiKTeX/fonts/type1/public/amsfonts/cm
/cmmib10.pfb><C:/Users/admin/AppData/Local/Programs/MiKTeX/fonts/type1/public/a
msfonts/cmextra/cmmib8.pfb><C:/Users/admin/AppData/Local/Programs/MiKTeX/fonts/
type1/public/amsfonts/cm/cmr12.pfb><C:/Users/admin/AppData/Local/Programs/MiKTe
X/fonts/type1/public/amsfonts/cm/cmr6.pfb><C:/Users/admin/AppData/Local/Program
s/MiKTeX/fonts/type1/public/amsfonts/cm/cmr8.pfb><C:/Users/admin/AppData/Local/
Programs/MiKTeX/fonts/type1/public/amsfonts/cm/cmsy10.pfb><C:/Users/admin/AppDa
ta/Local/Programs/MiKTeX/fonts/type1/public/amsfonts/cm/cmsy8.pfb><C:/Users/adm
in/AppData/Local/Programs/MiKTeX/fonts/type1/public/amsfonts/cm/cmti12.pfb><C:/
Users/admin/AppData/Local/Programs/MiKTeX/fonts/type1/public/amsfonts/cm/cmtt12
.pfb>
Output written on "OLR dan's.pdf" (39 pages, 535498 bytes).
PDF statistics:
 250 PDF objects out of 1000 (max. 8388607)
 0 named destinations out of 1000 (max. 500000)
 38 words of extra memory for PDF output out of 10000 (max. 10000000)

