\BOOKMARK [1][-]{section.1}{\376\377\000L\000I\000T\000E\000R\000A\000T\000U\000R\000E\000\040\000R\000E\000V\000I\000E\000W}{}% 1
\BOOKMARK [1][-]{section.2}{\376\377\000T\000H\000E\000O\000R\000Y\000\040\000O\000F\000\040\000C\000O\000N\000F\000I\000R\000M\000A\000T\000O\000R\000Y\000\040\000F\000A\000C\000T\000O\000R\000\040\000A\000N\000A\000L\000Y\000S\000I\000S}{}% 2
\BOOKMARK [2][-]{subsection.2.1}{\376\377\000I\000n\000t\000r\000o\000d\000u\000c\000t\000i\000o\000n}{section.2}% 3
\BOOKMARK [2][-]{subsection.2.2}{\376\377\000C\000o\000n\000c\000e\000p\000t\000u\000a\000l\000\040\000I\000n\000t\000r\000o\000d\000u\000c\000t\000i\000o\000n\000\040\000t\000o\000\040\000C\000o\000n\000f\000i\000r\000m\000a\000t\000o\000r\000y\000\040\000F\000a\000c\000t\000o\000r\000\040\000A\000n\000a\000l\000y\000s\000i\000s}{section.2}% 4
\BOOKMARK [3][-]{subsubsection.2.2.1}{\376\377\000C\000h\000a\000r\000a\000c\000t\000e\000r\000i\000s\000t\000i\000c\000s\000\040\000o\000f\000\040\000C\000F\000A\000\040\000M\000o\000d\000e\000l}{subsection.2.2}% 5
\BOOKMARK [3][-]{subsubsection.2.2.2}{\376\377\000A\000d\000v\000a\000n\000t\000a\000g\000e\000s\000\040\000o\000f\000\040\000C\000F\000A}{subsection.2.2}% 6
\BOOKMARK [3][-]{subsubsection.2.2.3}{\376\377\000A\000s\000s\000u\000m\000p\000t\000i\000o\000n\000s\000\040\000o\000f\000\040\000C\000F\000A\000\040\000m\000o\000d\000e\000l\000s}{subsection.2.2}% 7
\BOOKMARK [2][-]{subsection.2.3}{\376\377\000T\000h\000e\000\040\000C\000o\000n\000f\000i\000r\000m\000a\000t\000o\000r\000y\000\040\000F\000a\000c\000t\000o\000r\000\040\000A\000n\000a\000l\000y\000s\000i\000s\000\040\000M\000o\000d\000e\000l\000s}{section.2}% 8
\BOOKMARK [3][-]{subsubsection.2.3.1}{\376\377\000T\000h\000e\000\040\000s\000i\000n\000g\000l\000e\000\040\000f\000a\000c\000t\000o\000r\000\040\000a\000n\000a\000l\000y\000s\000i\000s\000\040\000m\000o\000d\000e\000l}{subsection.2.3}% 9
\BOOKMARK [3][-]{subsubsection.2.3.2}{\376\377\000T\000w\000o\000-\000F\000a\000c\000t\000o\000r\000\040\000C\000F\000A\000\040\000m\000o\000d\000e\000l}{subsection.2.3}% 10
\BOOKMARK [2][-]{subsection.2.4}{\376\377\000T\000h\000e\000\040\000G\000e\000n\000e\000r\000a\000l\000\040\000C\000F\000A\000\040\000M\000o\000d\000e\000l}{section.2}% 11
\BOOKMARK [3][-]{subsubsection.2.4.1}{\376\377\000T\000h\000e\000\040\000F\000u\000n\000d\000a\000m\000e\000n\000t\000a\000l\000\040\000E\000q\000u\000a\000t\000i\000o\000n\000\040\000o\000f\000\040\000C\000F\000A\000\040\000M\000o\000d\000e\000l}{subsection.2.4}% 12
\BOOKMARK [2][-]{subsection.2.5}{\376\377\000E\000s\000t\000i\000m\000a\000t\000i\000o\000n\000\040\000o\000f\000\040\000C\000F\000A\000\040\000M\000o\000d\000e\000l\000\040\000P\000a\000r\000a\000m\000e\000t\000e\000r\000s}{section.2}% 13
\BOOKMARK [3][-]{subsubsection.2.5.1}{\376\377\000M\000o\000d\000e\000l\000\040\000E\000s\000t\000i\000m\000a\000t\000i\000o\000n}{subsection.2.5}% 14
\BOOKMARK [3][-]{subsubsection.2.5.2}{\376\377\000S\000c\000a\000l\000i\000n\000g\000\040\000T\000h\000e\000\040\000L\000a\000t\000e\000n\000t}{subsection.2.5}% 15
\BOOKMARK [3][-]{subsubsection.2.5.3}{\376\377\000S\000t\000a\000t\000i\000s\000t\000i\000c\000a\000l\000\040\000M\000o\000d\000e\000l\000\040\000I\000d\000e\000n\000t\000i\000f\000i\000c\000a\000t\000i\000o\000n}{subsection.2.5}% 16
\BOOKMARK [3][-]{subsubsection.2.5.4}{\376\377\000D\000e\000s\000c\000r\000i\000p\000t\000i\000v\000e\000\040\000G\000o\000o\000d\000n\000e\000s\000s\000\040\000O\000f\000\040\000F\000i\000t\000\040\000I\000n\000d\000i\000c\000e\000s}{subsection.2.5}% 17
\BOOKMARK [2][-]{subsection.2.6}{\376\377\000M\000e\000a\000s\000u\000r\000e\000m\000e\000n\000t\000\040\000I\000n\000v\000a\000r\000i\000a\000n\000c\000e\000\040\000\050\000M\000I\000\051}{section.2}% 18
\BOOKMARK [3][-]{subsubsection.2.6.1}{\376\377\000C\000o\000n\000c\000e\000p\000t\000u\000a\000l\000\040\000i\000n\000t\000r\000o\000d\000u\000c\000t\000i\000o\000n\000\040\000t\000o\000\040\000m\000e\000a\000s\000u\000r\000e\000m\000e\000n\000t\000\040\000i\000n\000v\000a\000r\000i\000a\000n\000c\000e}{subsection.2.6}% 19
\BOOKMARK [3][-]{subsubsection.2.6.2}{\376\377\000T\000e\000s\000t\000i\000n\000g\000\040\000M\000e\000a\000s\000u\000r\000e\000m\000e\000n\000t\000\040\000i\000n\000v\000a\000r\000i\000a\000n\000c\000e}{subsection.2.6}% 20
\BOOKMARK [3][-]{subsubsection.2.6.3}{\376\377\000D\000e\000c\000i\000s\000i\000o\000n\000\040\000R\000u\000l\000e\000s\000\040\000f\000o\000r\000\040\000I\000n\000v\000a\000r\000i\000a\000n\000c\000e\000\040\000t\000e\000s\000t\000s}{subsection.2.6}% 21
\BOOKMARK [3][-]{subsubsection.2.6.4}{\376\377\000R\000e\000s\000u\000l\000t\000s\000\040\000o\000f\000\040\000M\000e\000a\000s\000u\000r\000e\000m\000e\000n\000t\000\040\000o\000f\000\040\000i\000n\000v\000a\000r\000i\000a\000n\000c\000e}{subsection.2.6}% 22
\BOOKMARK [2][-]{subsection.2.7}{\376\377\000S\000o\000u\000r\000c\000e\000s\000\040\000o\000f\000\040\000D\000a\000t\000a}{section.2}% 23
\BOOKMARK [3][-]{subsubsection.2.7.1}{\376\377\000V\000a\000r\000i\000a\000b\000l\000e\000\040\000d\000e\000s\000c\000r\000i\000p\000t\000i\000o\000n}{subsection.2.7}% 24
\BOOKMARK [3][-]{subsubsection.2.7.2}{\376\377\000T\000h\000e\000\040\000P\000a\000t\000h\000\040\000D\000i\000a\000g\000r\000a\000m}{subsection.2.7}% 25
